2026-09-23 09:40:36,444 INFO  com.riesgopsicosocial.RiesgoPsicosocialApiApplication - Starting RiesgoPsicosocialApiApplication using Java 17.0.16 with PID 3444 (C:\Users\gachae\Documents\Personal\Backend\riesgo-psicosocial-api\target\classes started by gachae in C:\Users\gachae\Documents\Personal\Backend\riesgo-psicosocial-api)
2026-09-23 09:40:36,459 INFO  com.riesgopsicosocial.RiesgoPsicosocialApiApplication - The following 1 profile is active: "dev"
2026-09-23 09:40:36,562 INFO  org.springframework.boot.devtools.env.DevToolsPropertyDefaultsPostProcessor - Devtools property defaults active! Set 'spring.devtools.add-properties' to 'false' to disable
2026-09-23 09:40:36,563 INFO  org.springframework.boot.devtools.env.DevToolsPropertyDefaultsPostProcessor - For additional web related logging consider setting the 'logging.level.web' property to 'DEBUG'
2026-09-23 09:40:38,125 INFO  org.springframework.data.repository.config.RepositoryConfigurationDelegate - Bootstrapping Spring Data JPA repositories in DEFAULT mode.
2026-09-23 09:40:38,326 INFO  org.springframework.data.repository.config.RepositoryConfigurationDelegate - Finished Spring Data repository scanning in 183 ms. Found 31 JPA repository interfaces.
2026-09-23 09:40:39,285 INFO  org.springframework.boot.web.embedded.tomcat.TomcatWebServer - Tomcat initialized with port 8080 (http)
2026-09-23 09:40:39,309 INFO  org.apache.catalina.core.StandardService - Starting service [Tomcat]
2026-09-23 09:40:39,309 INFO  org.apache.catalina.core.StandardEngine - Starting Servlet engine: [Apache Tomcat/10.1.55]
2026-09-23 09:40:39,388 INFO  org.apache.catalina.core.ContainerBase.[Tomcat].[localhost].[/api] - Initializing Spring embedded WebApplicationContext
2026-09-23 09:40:39,388 INFO  org.springframework.boot.web.servlet.context.ServletWebServerApplicationContext - Root WebApplicationContext: initialization completed in 2824 ms
2026-09-23 09:40:39,911 INFO  com.zaxxer.hikari.HikariDataSource - HikariPool-1 - Starting...
2026-09-23 09:40:40,282 INFO  com.zaxxer.hikari.pool.HikariPool - HikariPool-1 - Added connection org.postgresql.jdbc.PgConnection@11d3245e
2026-09-23 09:40:40,284 INFO  com.zaxxer.hikari.HikariDataSource - HikariPool-1 - Start completed.
2026-09-23 09:40:40,333 INFO  org.flywaydb.core.FlywayExecutor - Database: jdbc:postgresql://localhost:5432/bateria_psicosocial (PostgreSQL 16.12)
2026-09-23 09:40:40,435 INFO  org.flywaydb.core.internal.command.DbValidate - Successfully validated 1 migration (execution time 00:00.066s)
2026-09-23 09:40:40,465 INFO  org.flywaydb.core.internal.command.DbMigrate - Current version of schema "public": 1
2026-09-23 09:40:40,471 INFO  org.flywaydb.core.internal.command.DbMigrate - Schema "public" is up to date. No migration necessary.
2026-09-23 09:40:40,660 INFO  org.hibernate.jpa.internal.util.LogHelper - HHH000204: Processing PersistenceUnitInfo [name: default]
2026-09-23 09:40:40,781 INFO  org.hibernate.Version - HHH000412: Hibernate ORM core version 6.6.53.Final
2026-09-23 09:40:40,861 INFO  org.hibernate.cache.internal.RegionFactoryInitiator - HHH000026: Second-level cache disabled
2026-09-23 09:40:41,413 INFO  org.springframework.orm.jpa.persistenceunit.SpringPersistenceUnitInfo - No LoadTimeWeaver setup: ignoring JPA class transformer
2026-09-23 09:40:41,509 INFO  org.hibernate.orm.connections.pooling - HHH10001005: Database info:
	Database JDBC URL [Connecting through datasource 'HikariDataSource (HikariPool-1)']
	Database driver: undefined/unknown
	Database version: 16.12
	Autocommit mode: undefined/unknown
	Isolation level: undefined/unknown
	Minimum pool size: undefined/unknown
	Maximum pool size: undefined/unknown
2026-09-23 09:40:42,915 INFO  org.hibernate.engine.transaction.jta.platform.internal.JtaPlatformInitiator - HHH000489: No JTA platform available (set 'hibernate.transaction.jta.platform' to enable JTA platform integration)
2026-09-23 09:40:42,973 INFO  org.springframework.orm.jpa.LocalContainerEntityManagerFactoryBean - Initialized JPA EntityManagerFactory for persistence unit 'default'
2026-09-23 09:40:44,852 INFO  org.springframework.boot.devtools.autoconfigure.OptionalLiveReloadServer - LiveReload server is running on port 35729
2026-09-23 09:40:44,912 INFO  org.springframework.boot.web.embedded.tomcat.TomcatWebServer - Tomcat started on port 8080 (http) with context path '/api'
2026-09-23 09:40:44,926 INFO  com.riesgopsicosocial.RiesgoPsicosocialApiApplication - Started RiesgoPsicosocialApiApplication in 9.312 seconds (process running for 18.947)
2026-09-23 09:40:44,933 WARN  org.springdoc.core.events.SpringDocAppInitializer - SpringDoc /v3/api-docs endpoint is enabled by default. To disable it in production, set the property 'springdoc.api-docs.enabled=false'
2026-09-23 09:40:44,933 WARN  org.springdoc.core.events.SpringDocAppInitializer - SpringDoc /swagger-ui.html endpoint is enabled by default. To disable it in production, set the property 'springdoc.swagger-ui.enabled=false'
2026-09-23 09:47:17,320 INFO  org.apache.catalina.core.ContainerBase.[Tomcat].[localhost].[/api] - Initializing Spring DispatcherServlet 'dispatcherServlet'
2026-09-23 09:47:17,321 INFO  org.springframework.web.servlet.DispatcherServlet - Initializing Servlet 'dispatcherServlet'
2026-09-23 09:47:17,324 INFO  org.springframework.web.servlet.DispatcherServlet - Completed initialization in 3 ms
2026-09-23 09:47:19,150 INFO  org.springdoc.api.AbstractOpenApiResource - Init duration for springdoc-openapi is: 1358 ms
2026-09-23 10:20:26,608 WARN  org.hibernate.engine.jdbc.spi.SqlExceptionHelper - SQL Error: 0, SQLState: 23505
2026-09-23 10:20:26,608 ERROR org.hibernate.engine.jdbc.spi.SqlExceptionHelper - ERROR: llave duplicada viola restricción de unicidad «respuesta_pkey»
  Detail: Ya existe la llave (id)=(3).
2026-09-23 10:20:26,629 WARN  com.riesgopsicosocial.shared.exception.GlobalExceptionHandler - Violacion de integirdad de datos ERROR: llave duplicada viola restricción de unicidad «respuesta_pkey»
  Detail: Ya existe la llave (id)=(3).
2026-09-23 10:20:26,640 WARN  org.springframework.web.servlet.mvc.method.annotation.ExceptionHandlerExceptionResolver - Resolved [org.springframework.dao.DataIntegrityViolationException: could not execute statement [ERROR: llave duplicada viola restricción de unicidad «respuesta_pkey»<EOL>  Detail: Ya existe la llave (id)=(3).] [insert into respuesta (fk_aplicacion,fk_opcion_respuesta,fk_pregunta,valor_obtenido) values (?,?,?,?)]; SQL [insert into respuesta (fk_aplicacion,fk_opcion_respuesta,fk_pregunta,valor_obtenido) values (?,?,?,?)]; constraint [null]]
2026-09-23 10:26:44,108 WARN  org.hibernate.engine.jdbc.spi.SqlExceptionHelper - SQL Error: 0, SQLState: 23505
2026-09-23 10:26:44,109 ERROR org.hibernate.engine.jdbc.spi.SqlExceptionHelper - ERROR: llave duplicada viola restricción de unicidad «respuesta_pkey»
  Detail: Ya existe la llave (id)=(4).
2026-09-23 10:26:46,443 WARN  com.riesgopsicosocial.shared.exception.GlobalExceptionHandler - Violacion de integirdad de datos ERROR: llave duplicada viola restricción de unicidad «respuesta_pkey»
  Detail: Ya existe la llave (id)=(4).
2026-09-23 10:26:46,449 WARN  org.springframework.web.servlet.mvc.method.annotation.ExceptionHandlerExceptionResolver - Resolved [org.springframework.dao.DataIntegrityViolationException: could not execute statement [ERROR: llave duplicada viola restricción de unicidad «respuesta_pkey»<EOL>  Detail: Ya existe la llave (id)=(4).] [insert into respuesta (fk_aplicacion,fk_opcion_respuesta,fk_pregunta,valor_obtenido) values (?,?,?,?)]; SQL [insert into respuesta (fk_aplicacion,fk_opcion_respuesta,fk_pregunta,valor_obtenido) values (?,?,?,?)]; constraint [null]]
2026-09-23 10:36:14,447 WARN  com.zaxxer.hikari.pool.HikariPool - HikariPool-1 - Thread starvation or clock leap detected (housekeeper delta=51s317ms812µs300ns).
2026-09-23 10:36:14,468 WARN  org.hibernate.engine.jdbc.spi.SqlExceptionHelper - SQL Error: 0, SQLState: 23505
2026-09-23 10:36:14,469 ERROR org.hibernate.engine.jdbc.spi.SqlExceptionHelper - ERROR: llave duplicada viola restricción de unicidad «respuesta_pkey»
  Detail: Ya existe la llave (id)=(5).
2026-09-23 10:36:14,479 WARN  com.riesgopsicosocial.shared.exception.GlobalExceptionHandler - Violacion de integirdad de datos ERROR: llave duplicada viola restricción de unicidad «respuesta_pkey»
  Detail: Ya existe la llave (id)=(5).
2026-09-23 10:36:14,480 WARN  org.springframework.web.servlet.mvc.method.annotation.ExceptionHandlerExceptionResolver - Resolved [org.springframework.dao.DataIntegrityViolationException: could not execute statement [ERROR: llave duplicada viola restricción de unicidad «respuesta_pkey»<EOL>  Detail: Ya existe la llave (id)=(5).] [insert into respuesta (fk_aplicacion,fk_opcion_respuesta,fk_pregunta,valor_obtenido) values (?,?,?,?)]; SQL [insert into respuesta (fk_aplicacion,fk_opcion_respuesta,fk_pregunta,valor_obtenido) values (?,?,?,?)]; constraint [null]]
2026-09-23 11:07:04,889 WARN  com.zaxxer.hikari.pool.HikariPool - HikariPool-1 - Thread starvation or clock leap detected (housekeeper delta=4m17s959ms74µs400ns).
2026-09-23 11:09:51,261 WARN  com.zaxxer.hikari.pool.HikariPool - HikariPool-1 - Thread starvation or clock leap detected (housekeeper delta=2m46s372ms834µs800ns).
2026-09-23 17:35:10,777 INFO  org.springframework.boot.web.embedded.tomcat.GracefulShutdown - Commencing graceful shutdown. Waiting for active requests to complete
2026-09-23 17:35:11,148 INFO  org.springframework.boot.web.embedded.tomcat.GracefulShutdown - Graceful shutdown complete
2026-09-23 17:35:11,185 INFO  org.springframework.orm.jpa.LocalContainerEntityManagerFactoryBean - Closing JPA EntityManagerFactory for persistence unit 'default'
2026-09-23 17:35:11,231 INFO  com.zaxxer.hikari.HikariDataSource - HikariPool-1 - Shutdown initiated...
2026-09-23 17:35:11,245 INFO  com.zaxxer.hikari.HikariDataSource - HikariPool-1 - Shutdown completed.
