2026-09-18 10:14:40,937 INFO  com.riesgopsicosocial.RiesgoPsicosocialApiApplication - Starting RiesgoPsicosocialApiApplication using Java 17.0.16 with PID 17932 (C:\Users\gachae\Documents\Personal\Backend\riesgo-psicosocial-api\target\classes started by gachae in C:\Users\gachae\Documents\Personal\Backend\riesgo-psicosocial-api)
2026-09-18 10:14:40,950 INFO  com.riesgopsicosocial.RiesgoPsicosocialApiApplication - The following 1 profile is active: "dev"
2026-09-18 10:14:41,046 INFO  org.springframework.boot.devtools.env.DevToolsPropertyDefaultsPostProcessor - Devtools property defaults active! Set 'spring.devtools.add-properties' to 'false' to disable
2026-09-18 10:14:41,046 INFO  org.springframework.boot.devtools.env.DevToolsPropertyDefaultsPostProcessor - For additional web related logging consider setting the 'logging.level.web' property to 'DEBUG'
2026-09-18 10:14:43,342 INFO  org.springframework.data.repository.config.RepositoryConfigurationDelegate - Bootstrapping Spring Data JPA repositories in DEFAULT mode.
2026-09-18 10:14:43,804 INFO  org.springframework.data.repository.config.RepositoryConfigurationDelegate - Finished Spring Data repository scanning in 437 ms. Found 31 JPA repository interfaces.
2026-09-18 10:14:45,487 INFO  org.springframework.boot.web.embedded.tomcat.TomcatWebServer - Tomcat initialized with port 8080 (http)
2026-09-18 10:14:45,522 INFO  org.apache.catalina.core.StandardService - Starting service [Tomcat]
2026-09-18 10:14:45,523 INFO  org.apache.catalina.core.StandardEngine - Starting Servlet engine: [Apache Tomcat/10.1.55]
2026-09-18 10:14:45,661 INFO  org.apache.catalina.core.ContainerBase.[Tomcat].[localhost].[/api] - Initializing Spring embedded WebApplicationContext
2026-09-18 10:14:45,661 INFO  org.springframework.boot.web.servlet.context.ServletWebServerApplicationContext - Root WebApplicationContext: initialization completed in 4614 ms
2026-09-18 10:14:46,506 INFO  com.zaxxer.hikari.HikariDataSource - HikariPool-1 - Starting...
2026-09-18 10:14:47,162 INFO  com.zaxxer.hikari.pool.HikariPool - HikariPool-1 - Added connection org.postgresql.jdbc.PgConnection@64513fa7
2026-09-18 10:14:47,169 INFO  com.zaxxer.hikari.HikariDataSource - HikariPool-1 - Start completed.
2026-09-18 10:14:47,257 INFO  org.flywaydb.core.FlywayExecutor - Database: jdbc:postgresql://localhost:5432/bateria_psicosocial (PostgreSQL 16.12)
2026-09-18 10:14:47,469 INFO  org.flywaydb.core.internal.command.DbValidate - Successfully validated 1 migration (execution time 00:00.126s)
2026-09-18 10:14:47,498 INFO  org.flywaydb.core.internal.command.DbMigrate - Current version of schema "public": 1
2026-09-18 10:14:47,508 INFO  org.flywaydb.core.internal.command.DbMigrate - Schema "public" is up to date. No migration necessary.
2026-09-18 10:14:47,802 INFO  org.hibernate.jpa.internal.util.LogHelper - HHH000204: Processing PersistenceUnitInfo [name: default]
2026-09-18 10:14:47,993 INFO  org.hibernate.Version - HHH000412: Hibernate ORM core version 6.6.53.Final
2026-09-18 10:14:48,142 INFO  org.hibernate.cache.internal.RegionFactoryInitiator - HHH000026: Second-level cache disabled
2026-09-18 10:14:48,990 INFO  org.springframework.orm.jpa.persistenceunit.SpringPersistenceUnitInfo - No LoadTimeWeaver setup: ignoring JPA class transformer
2026-09-18 10:14:49,281 INFO  org.hibernate.orm.connections.pooling - HHH10001005: Database info:
	Database JDBC URL [Connecting through datasource 'HikariDataSource (HikariPool-1)']
	Database driver: undefined/unknown
	Database version: 16.12
	Autocommit mode: undefined/unknown
	Isolation level: undefined/unknown
	Minimum pool size: undefined/unknown
	Maximum pool size: undefined/unknown
2026-09-18 10:14:52,738 INFO  org.hibernate.engine.transaction.jta.platform.internal.JtaPlatformInitiator - HHH000489: No JTA platform available (set 'hibernate.transaction.jta.platform' to enable JTA platform integration)
2026-09-18 10:14:52,909 INFO  org.springframework.orm.jpa.LocalContainerEntityManagerFactoryBean - Initialized JPA EntityManagerFactory for persistence unit 'default'
2026-09-18 10:14:56,368 INFO  org.springframework.boot.devtools.autoconfigure.OptionalLiveReloadServer - LiveReload server is running on port 35729
2026-09-18 10:14:56,465 INFO  org.springframework.boot.web.embedded.tomcat.TomcatWebServer - Tomcat started on port 8080 (http) with context path '/api'
2026-09-18 10:14:56,489 INFO  com.riesgopsicosocial.RiesgoPsicosocialApiApplication - Started RiesgoPsicosocialApiApplication in 16.866 seconds (process running for 25.506)
2026-09-18 10:14:56,496 WARN  org.springdoc.core.events.SpringDocAppInitializer - SpringDoc /v3/api-docs endpoint is enabled by default. To disable it in production, set the property 'springdoc.api-docs.enabled=false'
2026-09-18 10:14:56,498 WARN  org.springdoc.core.events.SpringDocAppInitializer - SpringDoc /swagger-ui.html endpoint is enabled by default. To disable it in production, set the property 'springdoc.swagger-ui.enabled=false'
2026-09-18 10:20:51,803 INFO  org.springframework.boot.web.embedded.tomcat.GracefulShutdown - Commencing graceful shutdown. Waiting for active requests to complete
2026-09-18 10:20:52,160 INFO  org.springframework.boot.web.embedded.tomcat.GracefulShutdown - Graceful shutdown complete
2026-09-18 10:20:52,169 INFO  org.springframework.orm.jpa.LocalContainerEntityManagerFactoryBean - Closing JPA EntityManagerFactory for persistence unit 'default'
2026-09-18 10:20:52,174 INFO  com.zaxxer.hikari.HikariDataSource - HikariPool-1 - Shutdown initiated...
2026-09-18 10:20:52,180 INFO  com.zaxxer.hikari.HikariDataSource - HikariPool-1 - Shutdown completed.
