2026-08-25 16:05:16,826 INFO  com.riesgopsicosocial.RiesgoPsicosocialApiApplication - Starting RiesgoPsicosocialApiApplication using Java 17.0.16 with PID 14020 (C:\Users\gachae\Documents\Personal\Backend\riesgo-psicosocial-api\target\classes started by gachae in C:\Users\gachae\Documents\Personal\Backend\riesgo-psicosocial-api)
2026-08-25 16:05:16,835 INFO  com.riesgopsicosocial.RiesgoPsicosocialApiApplication - The following 1 profile is active: "dev"
2026-08-25 16:05:16,914 INFO  org.springframework.boot.devtools.env.DevToolsPropertyDefaultsPostProcessor - Devtools property defaults active! Set 'spring.devtools.add-properties' to 'false' to disable
2026-08-25 16:05:16,915 INFO  org.springframework.boot.devtools.env.DevToolsPropertyDefaultsPostProcessor - For additional web related logging consider setting the 'logging.level.web' property to 'DEBUG'
2026-08-25 16:05:18,358 INFO  org.springframework.data.repository.config.RepositoryConfigurationDelegate - Bootstrapping Spring Data JPA repositories in DEFAULT mode.
2026-08-25 16:05:18,507 INFO  org.springframework.data.repository.config.RepositoryConfigurationDelegate - Finished Spring Data repository scanning in 129 ms. Found 22 JPA repository interfaces.
2026-08-25 16:05:19,485 INFO  org.springframework.boot.web.embedded.tomcat.TomcatWebServer - Tomcat initialized with port 8080 (http)
2026-08-25 16:05:19,510 INFO  org.apache.catalina.core.StandardService - Starting service [Tomcat]
2026-08-25 16:05:19,510 INFO  org.apache.catalina.core.StandardEngine - Starting Servlet engine: [Apache Tomcat/10.1.55]
2026-08-25 16:05:19,596 INFO  org.apache.catalina.core.ContainerBase.[Tomcat].[localhost].[/api] - Initializing Spring embedded WebApplicationContext
2026-08-25 16:05:19,597 INFO  org.springframework.boot.web.servlet.context.ServletWebServerApplicationContext - Root WebApplicationContext: initialization completed in 2681 ms
2026-08-25 16:05:20,075 INFO  com.zaxxer.hikari.HikariDataSource - HikariPool-1 - Starting...
2026-08-25 16:05:20,482 INFO  com.zaxxer.hikari.pool.HikariPool - HikariPool-1 - Added connection org.postgresql.jdbc.PgConnection@335a2d79
2026-08-25 16:05:20,485 INFO  com.zaxxer.hikari.HikariDataSource - HikariPool-1 - Start completed.
2026-08-25 16:05:20,531 INFO  org.flywaydb.core.FlywayExecutor - Database: jdbc:postgresql://localhost:5432/bateria_psicosocial (PostgreSQL 16.12)
2026-08-25 16:05:20,623 INFO  org.flywaydb.core.internal.command.DbValidate - Successfully validated 1 migration (execution time 00:00.058s)
2026-08-25 16:05:20,654 INFO  org.flywaydb.core.internal.command.DbMigrate - Current version of schema "public": 1
2026-08-25 16:05:20,660 INFO  org.flywaydb.core.internal.command.DbMigrate - Schema "public" is up to date. No migration necessary.
2026-08-25 16:05:20,841 INFO  org.hibernate.jpa.internal.util.LogHelper - HHH000204: Processing PersistenceUnitInfo [name: default]
2026-08-25 16:05:20,965 INFO  org.hibernate.Version - HHH000412: Hibernate ORM core version 6.6.53.Final
2026-08-25 16:05:21,057 INFO  org.hibernate.cache.internal.RegionFactoryInitiator - HHH000026: Second-level cache disabled
2026-08-25 16:05:21,651 INFO  org.springframework.orm.jpa.persistenceunit.SpringPersistenceUnitInfo - No LoadTimeWeaver setup: ignoring JPA class transformer
2026-08-25 16:05:21,845 INFO  org.hibernate.orm.connections.pooling - HHH10001005: Database info:
	Database JDBC URL [Connecting through datasource 'HikariDataSource (HikariPool-1)']
	Database driver: undefined/unknown
	Database version: 16.12
	Autocommit mode: undefined/unknown
	Isolation level: undefined/unknown
	Minimum pool size: undefined/unknown
	Maximum pool size: undefined/unknown
2026-08-25 16:05:23,450 INFO  org.hibernate.engine.transaction.jta.platform.internal.JtaPlatformInitiator - HHH000489: No JTA platform available (set 'hibernate.transaction.jta.platform' to enable JTA platform integration)
2026-08-25 16:05:23,550 INFO  org.springframework.orm.jpa.LocalContainerEntityManagerFactoryBean - Initialized JPA EntityManagerFactory for persistence unit 'default'
2026-08-25 16:05:25,527 INFO  org.springframework.boot.devtools.autoconfigure.OptionalLiveReloadServer - LiveReload server is running on port 35729
2026-08-25 16:05:25,595 INFO  org.springframework.boot.web.embedded.tomcat.TomcatWebServer - Tomcat started on port 8080 (http) with context path '/api'
2026-08-25 16:05:25,608 INFO  com.riesgopsicosocial.RiesgoPsicosocialApiApplication - Started RiesgoPsicosocialApiApplication in 9.58 seconds (process running for 11.723)
2026-08-25 16:05:25,615 WARN  org.springdoc.core.events.SpringDocAppInitializer - SpringDoc /v3/api-docs endpoint is enabled by default. To disable it in production, set the property 'springdoc.api-docs.enabled=false'
2026-08-25 16:05:25,616 WARN  org.springdoc.core.events.SpringDocAppInitializer - SpringDoc /swagger-ui.html endpoint is enabled by default. To disable it in production, set the property 'springdoc.swagger-ui.enabled=false'
2026-08-25 16:05:30,681 INFO  org.apache.catalina.core.ContainerBase.[Tomcat].[localhost].[/api] - Initializing Spring DispatcherServlet 'dispatcherServlet'
2026-08-25 16:05:30,681 INFO  org.springframework.web.servlet.DispatcherServlet - Initializing Servlet 'dispatcherServlet'
2026-08-25 16:05:30,683 INFO  org.springframework.web.servlet.DispatcherServlet - Completed initialization in 2 ms
2026-08-25 16:05:31,514 INFO  org.springdoc.api.AbstractOpenApiResource - Init duration for springdoc-openapi is: 568 ms
2026-08-25 16:24:44,527 INFO  org.springframework.boot.web.embedded.tomcat.GracefulShutdown - Commencing graceful shutdown. Waiting for active requests to complete
2026-08-25 16:24:44,980 INFO  org.springframework.boot.web.embedded.tomcat.GracefulShutdown - Graceful shutdown complete
2026-08-25 16:24:44,990 INFO  org.springframework.orm.jpa.LocalContainerEntityManagerFactoryBean - Closing JPA EntityManagerFactory for persistence unit 'default'
2026-08-25 16:24:44,997 INFO  com.zaxxer.hikari.HikariDataSource - HikariPool-1 - Shutdown initiated...
2026-08-25 16:24:45,004 INFO  com.zaxxer.hikari.HikariDataSource - HikariPool-1 - Shutdown completed.
2026-08-25 16:24:51,515 INFO  com.riesgopsicosocial.RiesgoPsicosocialApiApplication - Starting RiesgoPsicosocialApiApplication using Java 17.0.16 with PID 17044 (C:\Users\gachae\Documents\Personal\Backend\riesgo-psicosocial-api\target\classes started by gachae in C:\Users\gachae\Documents\Personal\Backend\riesgo-psicosocial-api)
2026-08-25 16:24:51,519 INFO  com.riesgopsicosocial.RiesgoPsicosocialApiApplication - The following 1 profile is active: "dev"
2026-08-25 16:24:51,577 INFO  org.springframework.boot.devtools.env.DevToolsPropertyDefaultsPostProcessor - Devtools property defaults active! Set 'spring.devtools.add-properties' to 'false' to disable
2026-08-25 16:24:51,577 INFO  org.springframework.boot.devtools.env.DevToolsPropertyDefaultsPostProcessor - For additional web related logging consider setting the 'logging.level.web' property to 'DEBUG'
2026-08-25 16:24:53,227 INFO  org.springframework.data.repository.config.RepositoryConfigurationDelegate - Bootstrapping Spring Data JPA repositories in DEFAULT mode.
2026-08-25 16:24:53,477 INFO  org.springframework.data.repository.config.RepositoryConfigurationDelegate - Finished Spring Data repository scanning in 232 ms. Found 22 JPA repository interfaces.
2026-08-25 16:24:54,819 INFO  org.springframework.boot.web.embedded.tomcat.TomcatWebServer - Tomcat initialized with port 8080 (http)
2026-08-25 16:24:54,848 INFO  org.apache.catalina.core.StandardService - Starting service [Tomcat]
2026-08-25 16:24:54,849 INFO  org.apache.catalina.core.StandardEngine - Starting Servlet engine: [Apache Tomcat/10.1.55]
2026-08-25 16:24:54,969 INFO  org.apache.catalina.core.ContainerBase.[Tomcat].[localhost].[/api] - Initializing Spring embedded WebApplicationContext
2026-08-25 16:24:54,970 INFO  org.springframework.boot.web.servlet.context.ServletWebServerApplicationContext - Root WebApplicationContext: initialization completed in 3391 ms
2026-08-25 16:24:55,610 INFO  com.zaxxer.hikari.HikariDataSource - HikariPool-1 - Starting...
2026-08-25 16:24:55,893 INFO  com.zaxxer.hikari.pool.HikariPool - HikariPool-1 - Added connection org.postgresql.jdbc.PgConnection@1e7c99ac
2026-08-25 16:24:55,896 INFO  com.zaxxer.hikari.HikariDataSource - HikariPool-1 - Start completed.
2026-08-25 16:24:55,943 INFO  org.flywaydb.core.FlywayExecutor - Database: jdbc:postgresql://localhost:5432/bateria_psicosocial (PostgreSQL 16.12)
2026-08-25 16:24:56,038 INFO  org.flywaydb.core.internal.command.DbValidate - Successfully validated 1 migration (execution time 00:00.061s)
2026-08-25 16:24:56,095 INFO  org.flywaydb.core.internal.command.DbMigrate - Current version of schema "public": 1
2026-08-25 16:24:56,100 INFO  org.flywaydb.core.internal.command.DbMigrate - Schema "public" is up to date. No migration necessary.
2026-08-25 16:24:56,351 INFO  org.hibernate.jpa.internal.util.LogHelper - HHH000204: Processing PersistenceUnitInfo [name: default]
2026-08-25 16:24:56,443 INFO  org.hibernate.Version - HHH000412: Hibernate ORM core version 6.6.53.Final
2026-08-25 16:24:56,513 INFO  org.hibernate.cache.internal.RegionFactoryInitiator - HHH000026: Second-level cache disabled
2026-08-25 16:24:57,065 INFO  org.springframework.orm.jpa.persistenceunit.SpringPersistenceUnitInfo - No LoadTimeWeaver setup: ignoring JPA class transformer
2026-08-25 16:24:57,202 INFO  org.hibernate.orm.connections.pooling - HHH10001005: Database info:
	Database JDBC URL [Connecting through datasource 'HikariDataSource (HikariPool-1)']
	Database driver: undefined/unknown
	Database version: 16.12
	Autocommit mode: undefined/unknown
	Isolation level: undefined/unknown
	Minimum pool size: undefined/unknown
	Maximum pool size: undefined/unknown
2026-08-25 16:24:58,725 INFO  org.hibernate.engine.transaction.jta.platform.internal.JtaPlatformInitiator - HHH000489: No JTA platform available (set 'hibernate.transaction.jta.platform' to enable JTA platform integration)
2026-08-25 16:24:58,787 INFO  org.springframework.orm.jpa.LocalContainerEntityManagerFactoryBean - Initialized JPA EntityManagerFactory for persistence unit 'default'
2026-08-25 16:25:00,827 INFO  org.springframework.boot.devtools.autoconfigure.OptionalLiveReloadServer - LiveReload server is running on port 35729
2026-08-25 16:25:00,897 INFO  org.springframework.boot.web.embedded.tomcat.TomcatWebServer - Tomcat started on port 8080 (http) with context path '/api'
2026-08-25 16:25:00,918 INFO  com.riesgopsicosocial.RiesgoPsicosocialApiApplication - Started RiesgoPsicosocialApiApplication in 10.354 seconds (process running for 11.164)
2026-08-25 16:25:00,925 WARN  org.springdoc.core.events.SpringDocAppInitializer - SpringDoc /v3/api-docs endpoint is enabled by default. To disable it in production, set the property 'springdoc.api-docs.enabled=false'
2026-08-25 16:25:00,925 WARN  org.springdoc.core.events.SpringDocAppInitializer - SpringDoc /swagger-ui.html endpoint is enabled by default. To disable it in production, set the property 'springdoc.swagger-ui.enabled=false'
2026-08-25 16:26:37,696 INFO  org.apache.catalina.core.ContainerBase.[Tomcat].[localhost].[/api] - Initializing Spring DispatcherServlet 'dispatcherServlet'
2026-08-25 16:26:37,697 INFO  org.springframework.web.servlet.DispatcherServlet - Initializing Servlet 'dispatcherServlet'
2026-08-25 16:26:37,698 INFO  org.springframework.web.servlet.DispatcherServlet - Completed initialization in 1 ms
2026-08-25 16:30:08,208 INFO  org.springframework.boot.web.embedded.tomcat.GracefulShutdown - Commencing graceful shutdown. Waiting for active requests to complete
2026-08-25 16:30:08,476 INFO  org.springframework.boot.web.embedded.tomcat.GracefulShutdown - Graceful shutdown complete
2026-08-25 16:30:08,488 INFO  org.springframework.orm.jpa.LocalContainerEntityManagerFactoryBean - Closing JPA EntityManagerFactory for persistence unit 'default'
2026-08-25 16:30:08,491 INFO  com.zaxxer.hikari.HikariDataSource - HikariPool-1 - Shutdown initiated...
2026-08-25 16:30:08,499 INFO  com.zaxxer.hikari.HikariDataSource - HikariPool-1 - Shutdown completed.
2026-08-25 16:30:13,856 INFO  com.riesgopsicosocial.RiesgoPsicosocialApiApplication - Starting RiesgoPsicosocialApiApplication using Java 17.0.16 with PID 20624 (C:\Users\gachae\Documents\Personal\Backend\riesgo-psicosocial-api\target\classes started by gachae in C:\Users\gachae\Documents\Personal\Backend\riesgo-psicosocial-api)
2026-08-25 16:30:13,862 INFO  com.riesgopsicosocial.RiesgoPsicosocialApiApplication - The following 1 profile is active: "dev"
2026-08-25 16:30:13,941 INFO  org.springframework.boot.devtools.env.DevToolsPropertyDefaultsPostProcessor - Devtools property defaults active! Set 'spring.devtools.add-properties' to 'false' to disable
2026-08-25 16:30:13,941 INFO  org.springframework.boot.devtools.env.DevToolsPropertyDefaultsPostProcessor - For additional web related logging consider setting the 'logging.level.web' property to 'DEBUG'
2026-08-25 16:30:15,311 INFO  org.springframework.data.repository.config.RepositoryConfigurationDelegate - Bootstrapping Spring Data JPA repositories in DEFAULT mode.
2026-08-25 16:30:15,482 INFO  org.springframework.data.repository.config.RepositoryConfigurationDelegate - Finished Spring Data repository scanning in 161 ms. Found 22 JPA repository interfaces.
2026-08-25 16:30:16,420 INFO  org.springframework.boot.web.embedded.tomcat.TomcatWebServer - Tomcat initialized with port 8080 (http)
2026-08-25 16:30:16,446 INFO  org.apache.catalina.core.StandardService - Starting service [Tomcat]
2026-08-25 16:30:16,446 INFO  org.apache.catalina.core.StandardEngine - Starting Servlet engine: [Apache Tomcat/10.1.55]
2026-08-25 16:30:16,534 INFO  org.apache.catalina.core.ContainerBase.[Tomcat].[localhost].[/api] - Initializing Spring embedded WebApplicationContext
2026-08-25 16:30:16,535 INFO  org.springframework.boot.web.servlet.context.ServletWebServerApplicationContext - Root WebApplicationContext: initialization completed in 2593 ms
2026-08-25 16:30:17,082 INFO  com.zaxxer.hikari.HikariDataSource - HikariPool-1 - Starting...
2026-08-25 16:30:17,447 INFO  com.zaxxer.hikari.pool.HikariPool - HikariPool-1 - Added connection org.postgresql.jdbc.PgConnection@5366a9ce
2026-08-25 16:30:17,455 INFO  com.zaxxer.hikari.HikariDataSource - HikariPool-1 - Start completed.
2026-08-25 16:30:17,519 INFO  org.flywaydb.core.FlywayExecutor - Database: jdbc:postgresql://localhost:5432/bateria_psicosocial (PostgreSQL 16.12)
2026-08-25 16:30:17,634 INFO  org.flywaydb.core.internal.command.DbValidate - Successfully validated 1 migration (execution time 00:00.069s)
2026-08-25 16:30:17,666 INFO  org.flywaydb.core.internal.command.DbMigrate - Current version of schema "public": 1
2026-08-25 16:30:17,672 INFO  org.flywaydb.core.internal.command.DbMigrate - Schema "public" is up to date. No migration necessary.
2026-08-25 16:30:17,847 INFO  org.hibernate.jpa.internal.util.LogHelper - HHH000204: Processing PersistenceUnitInfo [name: default]
2026-08-25 16:30:17,950 INFO  org.hibernate.Version - HHH000412: Hibernate ORM core version 6.6.53.Final
2026-08-25 16:30:18,017 INFO  org.hibernate.cache.internal.RegionFactoryInitiator - HHH000026: Second-level cache disabled
2026-08-25 16:30:18,460 INFO  org.springframework.orm.jpa.persistenceunit.SpringPersistenceUnitInfo - No LoadTimeWeaver setup: ignoring JPA class transformer
2026-08-25 16:30:18,596 INFO  org.hibernate.orm.connections.pooling - HHH10001005: Database info:
	Database JDBC URL [Connecting through datasource 'HikariDataSource (HikariPool-1)']
	Database driver: undefined/unknown
	Database version: 16.12
	Autocommit mode: undefined/unknown
	Isolation level: undefined/unknown
	Minimum pool size: undefined/unknown
	Maximum pool size: undefined/unknown
2026-08-25 16:30:19,866 INFO  org.hibernate.engine.transaction.jta.platform.internal.JtaPlatformInitiator - HHH000489: No JTA platform available (set 'hibernate.transaction.jta.platform' to enable JTA platform integration)
2026-08-25 16:30:19,924 INFO  org.springframework.orm.jpa.LocalContainerEntityManagerFactoryBean - Initialized JPA EntityManagerFactory for persistence unit 'default'
2026-08-25 16:30:21,896 INFO  org.springframework.boot.devtools.autoconfigure.OptionalLiveReloadServer - LiveReload server is running on port 35729
2026-08-25 16:30:21,972 INFO  org.springframework.boot.web.embedded.tomcat.TomcatWebServer - Tomcat started on port 8080 (http) with context path '/api'
2026-08-25 16:30:21,993 INFO  com.riesgopsicosocial.RiesgoPsicosocialApiApplication - Started RiesgoPsicosocialApiApplication in 9.081 seconds (process running for 9.861)
2026-08-25 16:30:21,998 WARN  org.springdoc.core.events.SpringDocAppInitializer - SpringDoc /v3/api-docs endpoint is enabled by default. To disable it in production, set the property 'springdoc.api-docs.enabled=false'
2026-08-25 16:30:21,998 WARN  org.springdoc.core.events.SpringDocAppInitializer - SpringDoc /swagger-ui.html endpoint is enabled by default. To disable it in production, set the property 'springdoc.swagger-ui.enabled=false'
2026-08-25 16:31:07,070 INFO  org.apache.catalina.core.ContainerBase.[Tomcat].[localhost].[/api] - Initializing Spring DispatcherServlet 'dispatcherServlet'
2026-08-25 16:31:07,070 INFO  org.springframework.web.servlet.DispatcherServlet - Initializing Servlet 'dispatcherServlet'
2026-08-25 16:31:07,072 INFO  org.springframework.web.servlet.DispatcherServlet - Completed initialization in 1 ms
2026-08-25 16:31:08,104 INFO  org.springdoc.api.AbstractOpenApiResource - Init duration for springdoc-openapi is: 716 ms
2026-08-25 16:31:18,017 WARN  org.springframework.web.servlet.mvc.method.annotation.ExceptionHandlerExceptionResolver - Resolved [com.riesgopsicosocial.shared.exception.ResourceNotFoundException: Evaluado no encontrado con número de identificación: 1234]
2026-08-25 16:39:28,825 INFO  org.springframework.boot.web.embedded.tomcat.GracefulShutdown - Commencing graceful shutdown. Waiting for active requests to complete
2026-08-25 16:39:29,124 INFO  org.springframework.boot.web.embedded.tomcat.GracefulShutdown - Graceful shutdown complete
2026-08-25 16:39:29,132 INFO  org.springframework.orm.jpa.LocalContainerEntityManagerFactoryBean - Closing JPA EntityManagerFactory for persistence unit 'default'
2026-08-25 16:39:29,137 INFO  com.zaxxer.hikari.HikariDataSource - HikariPool-1 - Shutdown initiated...
2026-08-25 16:39:29,145 INFO  com.zaxxer.hikari.HikariDataSource - HikariPool-1 - Shutdown completed.
2026-08-25 16:39:34,447 INFO  com.riesgopsicosocial.RiesgoPsicosocialApiApplication - Starting RiesgoPsicosocialApiApplication using Java 17.0.16 with PID 9140 (C:\Users\gachae\Documents\Personal\Backend\riesgo-psicosocial-api\target\classes started by gachae in C:\Users\gachae\Documents\Personal\Backend\riesgo-psicosocial-api)
2026-08-25 16:39:34,450 INFO  com.riesgopsicosocial.RiesgoPsicosocialApiApplication - The following 1 profile is active: "dev"
2026-08-25 16:39:34,534 INFO  org.springframework.boot.devtools.env.DevToolsPropertyDefaultsPostProcessor - Devtools property defaults active! Set 'spring.devtools.add-properties' to 'false' to disable
2026-08-25 16:39:34,534 INFO  org.springframework.boot.devtools.env.DevToolsPropertyDefaultsPostProcessor - For additional web related logging consider setting the 'logging.level.web' property to 'DEBUG'
2026-08-25 16:39:35,752 INFO  org.springframework.data.repository.config.RepositoryConfigurationDelegate - Bootstrapping Spring Data JPA repositories in DEFAULT mode.
2026-08-25 16:39:35,902 INFO  org.springframework.data.repository.config.RepositoryConfigurationDelegate - Finished Spring Data repository scanning in 131 ms. Found 22 JPA repository interfaces.
2026-08-25 16:39:36,862 INFO  org.springframework.boot.web.embedded.tomcat.TomcatWebServer - Tomcat initialized with port 8080 (http)
2026-08-25 16:39:36,881 INFO  org.apache.catalina.core.StandardService - Starting service [Tomcat]
2026-08-25 16:39:36,881 INFO  org.apache.catalina.core.StandardEngine - Starting Servlet engine: [Apache Tomcat/10.1.55]
2026-08-25 16:39:36,966 INFO  org.apache.catalina.core.ContainerBase.[Tomcat].[localhost].[/api] - Initializing Spring embedded WebApplicationContext
2026-08-25 16:39:36,967 INFO  org.springframework.boot.web.servlet.context.ServletWebServerApplicationContext - Root WebApplicationContext: initialization completed in 2433 ms
2026-08-25 16:39:37,440 INFO  com.zaxxer.hikari.HikariDataSource - HikariPool-1 - Starting...
2026-08-25 16:39:37,695 INFO  com.zaxxer.hikari.pool.HikariPool - HikariPool-1 - Added connection org.postgresql.jdbc.PgConnection@542964a1
2026-08-25 16:39:37,697 INFO  com.zaxxer.hikari.HikariDataSource - HikariPool-1 - Start completed.
2026-08-25 16:39:37,760 INFO  org.flywaydb.core.FlywayExecutor - Database: jdbc:postgresql://localhost:5432/bateria_psicosocial (PostgreSQL 16.12)
2026-08-25 16:39:37,862 INFO  org.flywaydb.core.internal.command.DbValidate - Successfully validated 1 migration (execution time 00:00.068s)
2026-08-25 16:39:37,897 INFO  org.flywaydb.core.internal.command.DbMigrate - Current version of schema "public": 1
2026-08-25 16:39:37,905 INFO  org.flywaydb.core.internal.command.DbMigrate - Schema "public" is up to date. No migration necessary.
2026-08-25 16:39:38,140 INFO  org.hibernate.jpa.internal.util.LogHelper - HHH000204: Processing PersistenceUnitInfo [name: default]
2026-08-25 16:39:38,231 INFO  org.hibernate.Version - HHH000412: Hibernate ORM core version 6.6.53.Final
2026-08-25 16:39:38,296 INFO  org.hibernate.cache.internal.RegionFactoryInitiator - HHH000026: Second-level cache disabled
2026-08-25 16:39:38,777 INFO  org.springframework.orm.jpa.persistenceunit.SpringPersistenceUnitInfo - No LoadTimeWeaver setup: ignoring JPA class transformer
2026-08-25 16:39:38,920 INFO  org.hibernate.orm.connections.pooling - HHH10001005: Database info:
	Database JDBC URL [Connecting through datasource 'HikariDataSource (HikariPool-1)']
	Database driver: undefined/unknown
	Database version: 16.12
	Autocommit mode: undefined/unknown
	Isolation level: undefined/unknown
	Minimum pool size: undefined/unknown
	Maximum pool size: undefined/unknown
2026-08-25 16:39:40,136 INFO  org.hibernate.engine.transaction.jta.platform.internal.JtaPlatformInitiator - HHH000489: No JTA platform available (set 'hibernate.transaction.jta.platform' to enable JTA platform integration)
2026-08-25 16:39:40,182 INFO  org.springframework.orm.jpa.LocalContainerEntityManagerFactoryBean - Initialized JPA EntityManagerFactory for persistence unit 'default'
2026-08-25 16:39:42,143 INFO  org.springframework.boot.devtools.autoconfigure.OptionalLiveReloadServer - LiveReload server is running on port 35729
2026-08-25 16:39:42,206 INFO  org.springframework.boot.web.embedded.tomcat.TomcatWebServer - Tomcat started on port 8080 (http) with context path '/api'
2026-08-25 16:39:42,223 INFO  com.riesgopsicosocial.RiesgoPsicosocialApiApplication - Started RiesgoPsicosocialApiApplication in 8.644 seconds (process running for 9.716)
2026-08-25 16:39:42,228 WARN  org.springdoc.core.events.SpringDocAppInitializer - SpringDoc /v3/api-docs endpoint is enabled by default. To disable it in production, set the property 'springdoc.api-docs.enabled=false'
2026-08-25 16:39:42,228 WARN  org.springdoc.core.events.SpringDocAppInitializer - SpringDoc /swagger-ui.html endpoint is enabled by default. To disable it in production, set the property 'springdoc.swagger-ui.enabled=false'
2026-08-25 16:43:11,194 INFO  org.apache.catalina.core.ContainerBase.[Tomcat].[localhost].[/api] - Initializing Spring DispatcherServlet 'dispatcherServlet'
2026-08-25 16:43:11,195 INFO  org.springframework.web.servlet.DispatcherServlet - Initializing Servlet 'dispatcherServlet'
2026-08-25 16:43:11,197 INFO  org.springframework.web.servlet.DispatcherServlet - Completed initialization in 2 ms
2026-08-25 16:43:12,175 INFO  org.springdoc.api.AbstractOpenApiResource - Init duration for springdoc-openapi is: 678 ms
2026-08-25 16:43:28,818 WARN  org.springframework.web.servlet.mvc.method.annotation.ExceptionHandlerExceptionResolver - Resolved [com.riesgopsicosocial.shared.exception.ResourceNotFoundException: Evaluado no encontrado con número de identificación: 1234]
2026-08-25 17:17:27,219 INFO  org.springframework.boot.web.embedded.tomcat.GracefulShutdown - Commencing graceful shutdown. Waiting for active requests to complete
2026-08-25 17:17:27,473 INFO  org.springframework.boot.web.embedded.tomcat.GracefulShutdown - Graceful shutdown complete
2026-08-25 17:17:27,483 INFO  org.springframework.orm.jpa.LocalContainerEntityManagerFactoryBean - Closing JPA EntityManagerFactory for persistence unit 'default'
2026-08-25 17:17:27,490 INFO  com.zaxxer.hikari.HikariDataSource - HikariPool-1 - Shutdown initiated...
2026-08-25 17:17:27,496 INFO  com.zaxxer.hikari.HikariDataSource - HikariPool-1 - Shutdown completed.
